// Jest Snapshot v1, https://goo.gl/fbAQLP

exports[`TEST APP render start layout 1`] = `
<input
  placeholder="input value..."
  type="text"
/>
`;
